// Jest Snapshot v1, https://goo.gl/fbAQLP

exports[`should render expense dashboard page correctly 1`] = `
<div>
  This is from my dashboard component.
  <Connect(ExpenseListFilters) />
  <Connect(ExpenseList) />
</div>
`;
